TAP version 13
# Subtest: category, price, materials, combinations and clear
ok 1 - category, price, materials, combinations and clear
  ---
  duration_ms: 3.810852
  type: 'test'
  ...
# Subtest: accent-insensitive search includes readable category labels
ok 2 - accent-insensitive search includes readable category labels
  ---
  duration_ms: 2.130896
  type: 'test'
  ...
# Subtest: URL state is canonical and rejects invalid filters or unsafe return targets
ok 3 - URL state is canonical and rejects invalid filters or unsafe return targets
  ---
  duration_ms: 0.646891
  type: 'test'
  ...
# Subtest: stock and price boundaries apply to current price
ok 4 - stock and price boundaries apply to current price
  ---
  duration_ms: 0.64684
  type: 'test'
  ...
# Subtest: render, controls, search, clear, history and favorite synchronize state
ok 5 - render, controls, search, clear, history and favorite synchronize state
  ---
  duration_ms: 3.576565
  type: 'test'
  ...
# Subtest: detail return accepts catalog state only and never external target
ok 6 - detail return accepts catalog state only and never external target
  ---
  duration_ms: 0.409917
  type: 'test'
  ...
1..6
# tests 6
# suites 0
# pass 6
# fail 0
# cancelled 0
# skipped 0
# todo 0
# duration_ms 19.994067
